PS C:\Users\komar> mkdir git_challenge


    ディレクトリ: C:\Users\komar


Mode                 LastWriteTime         Length Name
----                 -------------         ------ ----
d-----        2025/09/27     19:07                git_challenge        


PS C:\Users\komar> cd git_challenge
PS C:\Users\komar\git_challenge> git init
Initialized empty Git repository in C:/Users/komar/git_challenge/.git/
PS C:\Users\komar\git_challenge> git add hello_world.txt
PS C:\Users\komar\git_challenge> git commit -m "hello_world.txtを追加"
[main (root-commit) a6c900e] hello_world.txtを追加
 1 file changed, 1 insertion(+)
 create mode 100644 hello_world.txt
PS C:\Users\komar\git_challenge> git add hello_world.txt
PS C:\Users\komar\git_challenge> git commit -m "日本語訳を追記"       
[main 83db4ed] 日本語訳を追記
 1 file changed, 2 insertions(+), 1 deletion(-)
PS C:\Users\komar\git_challenge> git log --oneline
83db4ed (HEAD -> main) 日本語訳を追記
a6c900e hello_world.txtを追加